{
  "data": {
    "avatar": {
      "avatarAddress": "0xaDBa1CF2115c28E1DA761C65a06bADe620D66839",
      "agentAddress": "0x17724085F1d1b5E7a1b7B8857fb7FF14416867C1",
      "level": 0
    }
  }
}
