{
  "data": {
    "transactions": [
      {
        "txId": "b7925dbf5a532dd18bba7408177b752ccf6ca2e17034fa18f3e4b8562644fb09",
        "payload": "payload",
        "avatarAddress": "0xaDBa1CF2115c28E1DA761C65a06bADe620D66839",
        "nonce": 0,
        "result": "CREATED"
      }
    ]
  }
}
